// Jest Snapshot v1, https://goo.gl/fbAQLP

exports[`renders correctly 1`] = `
<div
  className="App"
>
  <h3>
    WEATHER APP
  </h3>
  <form
    onSubmit={[Function]}
  >
    <input
      name="city"
      placeholder="city"
      type="text"
    />
    <input
      name="country"
      placeholder="country"
      type="text"
    />
    <button>
      Submit
    </button>
  </form>
  <div
    className="input"
  />
</div>
`;
